19:50:00 **** Incremental Build of configuration Debug for project Assembly ****
make -j16 all 
arm-none-eabi-gcc "../Src/main.c" -mcpu=cortex-m4 -std=gnu11 -g3 -DDEBUG -DSTM32 -DSTM32F407G_DISC1 -DSTM32F4 -DSTM32F407VGTx -c -I../Inc -O0 -ffunction-sections -fdata-sections -Wall -fstack-usage -fcyclomatic-complexity -MMD -MP -MF"Src/main.d" -MT"Src/main.o" --specs=nano.specs -mfpu=fpv4-sp-d16 -mfloat-abi=hard -mthumb -o "Src/main.o"
arm-none-eabi-gcc -mcpu=cortex-m4 -g3 -DDEBUG -c -x assembler-with-cpp -MMD -MP -MF"Src/test.d" -MT"Src/test.o" --specs=nano.specs -mfpu=fpv4-sp-d16 -mfloat-abi=hard -mthumb -o "Src/test.o" "../Src/test.s"
arm-none-eabi-gcc -o "Assembly.elf" @"objects.list"   -mcpu=cortex-m4 -T"/home/nadeem/STM32CubeIDE/workspace_2.2.0/Assembly/STM32F407VGTX_FLASH.ld" --specs=nosys.specs -Wl,-Map="Assembly.map" -Wl,--gc-sections -static --specs=nano.specs -mfpu=fpv4-sp-d16 -mfloat-abi=hard -mthumb -Wl,--start-group -lc -lm -Wl,--end-group
Finished building target: Assembly.elf
 
arm-none-eabi-size  Assembly.elf 
arm-none-eabi-objdump -h -S Assembly.elf  > "Assembly.list"
   text	   data	    bss	    dec	    hex	filename
    676	      0	   1568	   2244	    8c4	Assembly.elf
Finished building: default.size.stdout
 
Finished building: Assembly.list
 

19:50:00 Build Finished. 0 errors, 0 warnings. (took 67ms)

