23:46:33 **** Build of configuration Debug for project clock code implication ****
make -j16 all 
arm-none-eabi-gcc "../Src/main.c" -mcpu=cortex-m4 -std=gnu11 -g3 -DDEBUG -DSTM32 -DSTM32F407G_DISC1 -DSTM32F4 -DSTM32F407VGTx -c -I../Inc -O0 -ffunction-sections -fdata-sections -Wall -fstack-usage -fcyclomatic-complexity -MMD -MP -MF"Src/main.d" -MT"Src/main.o" --specs=nano.specs -mfpu=fpv4-sp-d16 -mfloat-abi=hard -mthumb -o "Src/main.o"
arm-none-eabi-gcc -o "clock code implication.elf" @"objects.list"   -mcpu=cortex-m4 -T"/home/nadeem/STM32CubeIDE/workspace_2.2.0/clock code implication/STM32F407VGTX_FLASH.ld" --specs=nosys.specs -Wl,-Map="clock code implication.map" -Wl,--gc-sections -static --specs=nano.specs -mfpu=fpv4-sp-d16 -mfloat-abi=hard -mthumb -Wl,--start-group -lc -lm -Wl,--end-group
Finished building target: clock code implication.elf
 
arm-none-eabi-size  clock\ code\ implication.elf 
arm-none-eabi-objdump -h -S clock\ code\ implication.elf  > "clock code implication.list"
   text	   data	    bss	    dec	    hex	filename
    772	      0	   1568	   2340	    924	clock code implication.elf
Finished building: default.size.stdout
 
Finished building: clock code implication.list
 

23:46:33 Build Finished. 0 errors, 0 warnings. (took 121ms)

