13:04:43 **** Incremental Build of configuration Debug for project Embedded C ****
make -j16 all 
arm-none-eabi-gcc "../Src/syscalls.c" -mcpu=cortex-m4 -std=gnu11 -g3 -DDEBUG -DSTM32 -DSTM32F407G_DISC1 -DSTM32F4 -DSTM32F407VGTx -c -I../Inc -O0 -ffunction-sections -fdata-sections -Wall -fstack-usage -fcyclomatic-complexity -MMD -MP -MF"Src/syscalls.d" -MT"Src/syscalls.o" --specs=nano.specs -mfloat-abi=soft -mthumb -o "Src/syscalls.o"
arm-none-eabi-gcc -o "Embedded C.elf" @"objects.list"   -mcpu=cortex-m4 -T"/home/nadeem/STM32CubeIDE/workspace_2.2.0/Embedded C/STM32F407VGTX_FLASH.ld" --specs=nosys.specs -Wl,-Map="Embedded C.map" -Wl,--gc-sections -static --specs=nano.specs -mfloat-abi=soft -mthumb -Wl,--start-group -lc -lm -Wl,--end-group
Finished building target: Embedded C.elf
 
arm-none-eabi-size  Embedded\ C.elf 
arm-none-eabi-objdump -h -S Embedded\ C.elf  > "Embedded C.list"
   text	   data	    bss	    dec	    hex	filename
   4880	     92	   1900	   6872	   1ad8	Embedded C.elf
Finished building: default.size.stdout
 
Finished building: Embedded C.list
 
13:05:58 **** Incremental Build of configuration Debug for project Embedded C ****
make -j16 all 
arm-none-eabi-size  Embedded\ C.elf 
   text	   data	    bss	    dec	    hex	filename
   4880	     92	   1900	   6872	   1ad8	Embedded C.elf
Finished building: default.size.stdout
 
